-> % phpunit tests/XdebugTest.php
PHPUnit 9.5.24 #StandWithUkraine

.
Warning: Uncaught Exception: from __debugInfo in /Users/kevinpfeifer/Documents/CakePHP/xdebug_test/src/ThrowsDebugInfo.php:10
Stack trace:
#0 /Users/kevinpfeifer/Documents/CakePHP/xdebug_test/src/ThrowsDebugInfo.php(10): App\ThrowsDebugInfo->__debugInfo()
#1 /Users/kevinpfeifer/Documents/CakePHP/xdebug_test/src/Debugger.php(12): App\ThrowsDebugInfo->__debugInfo()
#2 /Users/kevinpfeifer/Documents/CakePHP/xdebug_test/tests/XdebugTest.php(26): App\Debugger::debug(Object(App\ThrowsDebugInfo))
#3 /Users/kevinpfeifer/Documents/CakePHP/xdebug_test/vendor/phpunit/phpunit/src/Framework/TestCase.php(1545): Tests\XdebugTest->testXdebugThrowExceptionInDebugInfoViaVariableReference()
#4 /Users/kevinpfeifer/Documents/CakePHP/xdebug_test/vendor/phpunit/phpunit/src/Framework/TestCase.php(1151): PHPUnit\Framework\TestCase->runTest()
#5 /Users/kevinpfeifer/Documents/CakePHP/xdebug_test/vendor/phpunit/phpunit/src/Framework/TestResult.php(726): PHPUnit\Framework\TestCase->runBare()
#6 /Users/kevinpfeifer/Documents/CakePHP/xdebug_test/vendor/phpunit/phpunit/src/Framework/TestCase.php(903): PHPUnit\Framework\TestResult->run(Object(Tests\XdebugTest))
#7 /Users/kevinpfeifer/Documents/CakePHP/xdebug_test/vendor/phpunit/phpunit/src/Framework/TestSuite.php(672): PHPUnit\Framework\TestCase->run(Object(PHPUnit\Framework\TestResult))
#8 /Users/kevinpfeifer/Documents/CakePHP/xdebug_test/vendor/phpunit/phpunit/src/TextUI/TestRunner.php(673): PHPUnit\Framework\TestSuite->run(Object(PHPUnit\Framework\TestResult))
#9 /Users/kevinpfeifer/Documents/CakePHP/xdebug_test/vendor/phpunit/phpunit/src/TextUI/Command.php(143): PHPUnit\TextUI\TestRunner->run(Object(PHPUnit\Framework\TestSuite), Array, Array, true)
#10 /Users/kevinpfeifer/Documents/CakePHP/xdebug_test/vendor/phpunit/phpunit/src/TextUI/Command.php(96): PHPUnit\TextUI\Command->run(Array, true)
#11 /Users/kevinpfeifer/Documents/CakePHP/xdebug_test/vendor/phpunit/phpunit/phpunit(98): PHPUnit\TextUI\Command::main()
#12 /Users/kevinpfeifer/Documents/CakePHP/xdebug_test/vendor/bin/phpunit(123): include('/Users/kevinpfe...')
#13 {main}
  thrown in /Users/kevinpfeifer/Documents/CakePHP/xdebug_test/src/ThrowsDebugInfo.php on line 10

Call Stack:
    0.0011     420296   1. {main}() /Users/kevinpfeifer/Documents/CakePHP/xdebug_test/vendor/bin/phpunit:0
    0.0012     432240   2. include('/Users/kevinpfeifer/Documents/CakePHP/xdebug_test/vendor/phpunit/phpunit/phpunit') /Users/kevinpfeifer/Documents/CakePHP/xdebug_test/vendor/bin/phpunit:123
    0.0032    1146240   3. PHPUnit\TextUI\Command::main($exit = ???) /Users/kevinpfeifer/Documents/CakePHP/xdebug_test/vendor/phpunit/phpunit/phpunit:98
    0.0032    1146352   4. PHPUnit\TextUI\Command->run($argv = [0 => '/Users/kevinpfeifer/Documents/CakePHP/xdebug_test/vendor/bin/phpunit', 1 => 'tests/XdebugTest.php'], $exit = TRUE) /Users/kevinpfeifer/Documents/CakePHP/xdebug_test/vendor/phpunit/phpunit/src/TextUI/Command.php:96
    0.0092    2765840   5. PHPUnit\TextUI\TestRunner->run($suite = class PHPUnit\Framework\TestSuite { protected $backupGlobals = NULL; protected $backupStaticAttributes = NULL; protected $runTestInSeparateProcess = FALSE; protected $name = 'Tests\\XdebugTest'; protected $groups = ['default' => [...]]; protected $tests = [0 => class Tests\XdebugTest { ... }, 1 => class Tests\XdebugTest { ... }]; protected $numTests = 2; protected $testCase = TRUE; protected $foundClasses = []; protected $providedTests = NULL; protected $requiredTests = NULL; private $beStrictAboutChangesToGlobalState = NULL; private $iteratorFilter = NULL; private $declaredClassesPointer = 237; private $warnings = [] }, $arguments = ['extensions' => [], 'listGroups' => FALSE, 'listSuites' => FALSE, 'listTests' => FALSE, 'listTestsXml' => FALSE, 'loader' => NULL, 'useDefaultConfiguration' => TRUE, 'loadedExtensions' => [], 'unavailableExtensions' => [], 'notLoadedExtensions' => [], 'testSuffixes' => [0 => 'Test.php', 1 => '.phpt']], $warnings = [], $exit = TRUE) /Users/kevinpfeifer/Documents/CakePHP/xdebug_test/vendor/phpunit/phpunit/src/TextUI/Command.php:143
    0.0139    3186888   6. PHPUnit\Framework\TestSuite->run($result = class PHPUnit\Framework\TestResult { private $passed = ['Tests\XdebugTest::testXdebugThrowExceptionInDebugInfo' => [...]]; private $passedTestClasses = []; private $currentTestSuiteFailed = FALSE; private $errors = []; private $failures = []; private $warnings = []; private $notImplemented = []; private $risky = []; private $skipped = []; private $listeners = [0 => class PHPUnit\Runner\TestListenerAdapter { ... }, 1 => class PHPUnit\TextUI\DefaultResultPrinter { ... }]; private $runTests = 2; private $time = 0.001198125; private $codeCoverage = NULL; private $convertDeprecationsToExceptions = FALSE; private $convertErrorsToExceptions = TRUE; private $convertNoticesToExceptions = TRUE; private $convertWarningsToExceptions = TRUE; private $stop = FALSE; private $stopOnError = FALSE; private $stopOnFailure = FALSE; private $stopOnWarning = FALSE; private $beStrictAboutTestsThatDoNotTestAnything = TRUE; private $beStrictAboutOutputDuringTests = FALSE; private $beStrictAboutTodoAnnotatedTests = FALSE; private $beStrictAboutResourceUsageDuringSmallTests = FALSE; private $enforceTimeLimit = FALSE; private $forceCoversAnnotation = FALSE; private $timeoutForSmallTests = 1; private $timeoutForMediumTests = 10; private $timeoutForLargeTests = 60; private $stopOnRisky = FALSE; private $stopOnIncomplete = FALSE; private $stopOnSkipped = FALSE; private $lastTestFailed = FALSE; private $defaultTimeLimit = 0; private $stopOnDefect = FALSE; private $registerMockObjectsFromTestArgumentsRecursively = FALSE }) /Users/kevinpfeifer/Documents/CakePHP/xdebug_test/vendor/phpunit/phpunit/src/TextUI/TestRunner.php:673
    0.0157    3612456   7. PHPUnit\Framework\TestCase->run($result = class PHPUnit\Framework\TestResult { private $passed = ['Tests\XdebugTest::testXdebugThrowExceptionInDebugInfo' => [...]]; private $passedTestClasses = []; private $currentTestSuiteFailed = FALSE; private $errors = []; private $failures = []; private $warnings = []; private $notImplemented = []; private $risky = []; private $skipped = []; private $listeners = [0 => class PHPUnit\Runner\TestListenerAdapter { ... }, 1 => class PHPUnit\TextUI\DefaultResultPrinter { ... }]; private $runTests = 2; private $time = 0.001198125; private $codeCoverage = NULL; private $convertDeprecationsToExceptions = FALSE; private $convertErrorsToExceptions = TRUE; private $convertNoticesToExceptions = TRUE; private $convertWarningsToExceptions = TRUE; private $stop = FALSE; private $stopOnError = FALSE; private $stopOnFailure = FALSE; private $stopOnWarning = FALSE; private $beStrictAboutTestsThatDoNotTestAnything = TRUE; private $beStrictAboutOutputDuringTests = FALSE; private $beStrictAboutTodoAnnotatedTests = FALSE; private $beStrictAboutResourceUsageDuringSmallTests = FALSE; private $enforceTimeLimit = FALSE; private $forceCoversAnnotation = FALSE; private $timeoutForSmallTests = 1; private $timeoutForMediumTests = 10; private $timeoutForLargeTests = 60; private $stopOnRisky = FALSE; private $stopOnIncomplete = FALSE; private $stopOnSkipped = FALSE; private $lastTestFailed = FALSE; private $defaultTimeLimit = 0; private $stopOnDefect = FALSE; private $registerMockObjectsFromTestArgumentsRecursively = FALSE }) /Users/kevinpfeifer/Documents/CakePHP/xdebug_test/vendor/phpunit/phpunit/src/Framework/TestSuite.php:672
    0.0157    3612456   8. PHPUnit\Framework\TestResult->run($test = class Tests\XdebugTest { protected $backupGlobals = NULL; protected $backupGlobalsExcludeList = []; protected $backupGlobalsBlacklist = []; protected $backupStaticAttributes = NULL; protected $backupStaticAttributesExcludeList = []; protected $backupStaticAttributesBlacklist = []; protected $runTestInSeparateProcess = FALSE; protected $preserveGlobalState = TRUE; protected $providedTests = [0 => class PHPUnit\Framework\ExecutionOrderDependency { ... }]; private ${PHPUnit\Framework\TestCase}runClassInSeparateProcess = NULL; private ${PHPUnit\Framework\TestCase}inIsolation = FALSE; private ${PHPUnit\Framework\TestCase}data = []; private ${PHPUnit\Framework\TestCase}dataName = ''; private ${PHPUnit\Framework\TestCase}expectedException = NULL; private ${PHPUnit\Framework\TestCase}expectedExceptionMessage = NULL; private ${PHPUnit\Framework\TestCase}expectedExceptionMessageRegExp = NULL; private ${PHPUnit\Framework\TestCase}expectedExceptionCode = NULL; private ${PHPUnit\Framework\TestCase}name = 'testXdebugThrowExceptionInDebugInfoViaVariableReference'; private ${PHPUnit\Framework\TestCase}dependencies = []; private ${PHPUnit\Framework\TestCase}dependencyInput = []; private ${PHPUnit\Framework\TestCase}iniSettings = []; private ${PHPUnit\Framework\TestCase}locale = []; private ${PHPUnit\Framework\TestCase}mockObjects = []; private ${PHPUnit\Framework\TestCase}mockObjectGenerator = NULL; private ${PHPUnit\Framework\TestCase}status = -1; private ${PHPUnit\Framework\TestCase}statusMessage = ''; private ${PHPUnit\Framework\TestCase}numAssertions = 0; private ${PHPUnit\Framework\TestCase}result = class PHPUnit\Framework\TestResult { private $passed = [...]; private $passedTestClasses = [...]; private $currentTestSuiteFailed = FALSE; private $errors = [...]; private $failures = [...]; private $warnings = [...]; private $notImplemented = [...]; private $risky = [...]; private $skipped = [...]; private $listeners = [...]; private $runTests = 2; private $time = 0.001198125; private $codeCoverage = NULL; private $convertDeprecationsToExceptions = FALSE; private $convertErrorsToExceptions = TRUE; private $convertNoticesToExceptions = TRUE; private $convertWarningsToExceptions = TRUE; private $stop = FALSE; private $stopOnError = FALSE; private $stopOnFailure = FALSE; private $stopOnWarning = FALSE; private $beStrictAboutTestsThatDoNotTestAnything = TRUE; private $beStrictAboutOutputDuringTests = FALSE; private $beStrictAboutTodoAnnotatedTests = FALSE; private $beStrictAboutResourceUsageDuringSmallTests = FALSE; private $enforceTimeLimit = FALSE; private $forceCoversAnnotation = FALSE; private $timeoutForSmallTests = 1; private $timeoutForMediumTests = 10; private $timeoutForLargeTests = 60; private $stopOnRisky = FALSE; private $stopOnIncomplete = FALSE; private $stopOnSkipped = FALSE; private $lastTestFailed = FALSE; private $defaultTimeLimit = 0; private $stopOnDefect = FALSE; private $registerMockObjectsFromTestArgumentsRecursively = FALSE }; private ${PHPUnit\Framework\TestCase}testResult = NULL; private ${PHPUnit\Framework\TestCase}output = ''; private ${PHPUnit\Framework\TestCase}outputExpectedRegex = NULL; private ${PHPUnit\Framework\TestCase}outputExpectedString = NULL; private ${PHPUnit\Framework\TestCase}outputCallback = FALSE; private ${PHPUnit\Framework\TestCase}outputBufferingActive = TRUE; private ${PHPUnit\Framework\TestCase}outputBufferingLevel = 1; private ${PHPUnit\Framework\TestCase}outputRetrievedForAssertion = FALSE; private ${PHPUnit\Framework\TestCase}snapshot = NULL; private ${PHPUnit\Framework\TestCase}prophet = NULL; private ${PHPUnit\Framework\TestCase}beStrictAboutChangesToGlobalState = NULL; private ${PHPUnit\Framework\TestCase}registerMockObjectsFromTestArgumentsRecursively = FALSE; private ${PHPUnit\Framework\TestCase}warnings = []; private ${PHPUnit\Framework\TestCase}groups = [0 => 'default']; private ${PHPUnit\Framework\TestCase}doesNotPerformAssertions = FALSE; private ${PHPUnit\Framework\TestCase}customComparators = []; private ${PHPUnit\Framework\TestCase}doubledTypes = [] }) /Users/kevinpfeifer/Documents/CakePHP/xdebug_test/vendor/phpunit/phpunit/src/Framework/TestCase.php:903
    0.0157    3613072   9. PHPUnit\Framework\TestCase->runBare() /Users/kevinpfeifer/Documents/CakePHP/xdebug_test/vendor/phpunit/phpunit/src/Framework/TestResult.php:726
    0.0157    3630512  10. PHPUnit\Framework\TestCase->runTest() /Users/kevinpfeifer/Documents/CakePHP/xdebug_test/vendor/phpunit/phpunit/src/Framework/TestCase.php:1151
    0.0157    3630512  11. Tests\XdebugTest->testXdebugThrowExceptionInDebugInfoViaVariableReference() /Users/kevinpfeifer/Documents/CakePHP/xdebug_test/vendor/phpunit/phpunit/src/Framework/TestCase.php:1545
    0.0158    3631840  12. App\Debugger::debug($toDebug = class App\ThrowsDebugInfo {  }) /Users/kevinpfeifer/Documents/CakePHP/xdebug_test/tests/XdebugTest.php:26
    0.0158    3631840  13. App\ThrowsDebugInfo->__debugInfo() /Users/kevinpfeifer/Documents/CakePHP/xdebug_test/src/Debugger.php:12


Fatal error: __debuginfo() must return an array in /Users/kevinpfeifer/Documents/CakePHP/xdebug_test/src/ThrowsDebugInfo.php on line 10

Call Stack:
    0.0011     420296   1. {main}() /Users/kevinpfeifer/Documents/CakePHP/xdebug_test/vendor/bin/phpunit:0
    0.0012     432240   2. include('/Users/kevinpfeifer/Documents/CakePHP/xdebug_test/vendor/phpunit/phpunit/phpunit') /Users/kevinpfeifer/Documents/CakePHP/xdebug_test/vendor/bin/phpunit:123
    0.0032    1146240   3. PHPUnit\TextUI\Command::main($exit = ???) /Users/kevinpfeifer/Documents/CakePHP/xdebug_test/vendor/phpunit/phpunit/phpunit:98
    0.0032    1146352   4. PHPUnit\TextUI\Command->run($argv = [0 => '/Users/kevinpfeifer/Documents/CakePHP/xdebug_test/vendor/bin/phpunit', 1 => 'tests/XdebugTest.php'], $exit = TRUE) /Users/kevinpfeifer/Documents/CakePHP/xdebug_test/vendor/phpunit/phpunit/src/TextUI/Command.php:96
    0.0092    2765840   5. PHPUnit\TextUI\TestRunner->run($suite = class PHPUnit\Framework\TestSuite { protected $backupGlobals = NULL; protected $backupStaticAttributes = NULL; protected $runTestInSeparateProcess = FALSE; protected $name = 'Tests\\XdebugTest'; protected $groups = ['default' => [...]]; protected $tests = [0 => class Tests\XdebugTest { ... }, 1 => class Tests\XdebugTest { ... }]; protected $numTests = 2; protected $testCase = TRUE; protected $foundClasses = []; protected $providedTests = NULL; protected $requiredTests = NULL; private $beStrictAboutChangesToGlobalState = NULL; private $iteratorFilter = NULL; private $declaredClassesPointer = 237; private $warnings = [] }, $arguments = ['extensions' => [], 'listGroups' => FALSE, 'listSuites' => FALSE, 'listTests' => FALSE, 'listTestsXml' => FALSE, 'loader' => NULL, 'useDefaultConfiguration' => TRUE, 'loadedExtensions' => [], 'unavailableExtensions' => [], 'notLoadedExtensions' => [], 'testSuffixes' => [0 => 'Test.php', 1 => '.phpt']], $warnings = [], $exit = TRUE) /Users/kevinpfeifer/Documents/CakePHP/xdebug_test/vendor/phpunit/phpunit/src/TextUI/Command.php:143
    0.0139    3186888   6. PHPUnit\Framework\TestSuite->run($result = class PHPUnit\Framework\TestResult { private $passed = ['Tests\XdebugTest::testXdebugThrowExceptionInDebugInfo' => [...]]; private $passedTestClasses = []; private $currentTestSuiteFailed = FALSE; private $errors = []; private $failures = []; private $warnings = []; private $notImplemented = []; private $risky = []; private $skipped = []; private $listeners = [0 => class PHPUnit\Runner\TestListenerAdapter { ... }, 1 => class PHPUnit\TextUI\DefaultResultPrinter { ... }]; private $runTests = 2; private $time = 0.001198125; private $codeCoverage = NULL; private $convertDeprecationsToExceptions = FALSE; private $convertErrorsToExceptions = TRUE; private $convertNoticesToExceptions = TRUE; private $convertWarningsToExceptions = TRUE; private $stop = FALSE; private $stopOnError = FALSE; private $stopOnFailure = FALSE; private $stopOnWarning = FALSE; private $beStrictAboutTestsThatDoNotTestAnything = TRUE; private $beStrictAboutOutputDuringTests = FALSE; private $beStrictAboutTodoAnnotatedTests = FALSE; private $beStrictAboutResourceUsageDuringSmallTests = FALSE; private $enforceTimeLimit = FALSE; private $forceCoversAnnotation = FALSE; private $timeoutForSmallTests = 1; private $timeoutForMediumTests = 10; private $timeoutForLargeTests = 60; private $stopOnRisky = FALSE; private $stopOnIncomplete = FALSE; private $stopOnSkipped = FALSE; private $lastTestFailed = FALSE; private $defaultTimeLimit = 0; private $stopOnDefect = FALSE; private $registerMockObjectsFromTestArgumentsRecursively = FALSE }) /Users/kevinpfeifer/Documents/CakePHP/xdebug_test/vendor/phpunit/phpunit/src/TextUI/TestRunner.php:673
    0.0157    3612456   7. PHPUnit\Framework\TestCase->run($result = class PHPUnit\Framework\TestResult { private $passed = ['Tests\XdebugTest::testXdebugThrowExceptionInDebugInfo' => [...]]; private $passedTestClasses = []; private $currentTestSuiteFailed = FALSE; private $errors = []; private $failures = []; private $warnings = []; private $notImplemented = []; private $risky = []; private $skipped = []; private $listeners = [0 => class PHPUnit\Runner\TestListenerAdapter { ... }, 1 => class PHPUnit\TextUI\DefaultResultPrinter { ... }]; private $runTests = 2; private $time = 0.001198125; private $codeCoverage = NULL; private $convertDeprecationsToExceptions = FALSE; private $convertErrorsToExceptions = TRUE; private $convertNoticesToExceptions = TRUE; private $convertWarningsToExceptions = TRUE; private $stop = FALSE; private $stopOnError = FALSE; private $stopOnFailure = FALSE; private $stopOnWarning = FALSE; private $beStrictAboutTestsThatDoNotTestAnything = TRUE; private $beStrictAboutOutputDuringTests = FALSE; private $beStrictAboutTodoAnnotatedTests = FALSE; private $beStrictAboutResourceUsageDuringSmallTests = FALSE; private $enforceTimeLimit = FALSE; private $forceCoversAnnotation = FALSE; private $timeoutForSmallTests = 1; private $timeoutForMediumTests = 10; private $timeoutForLargeTests = 60; private $stopOnRisky = FALSE; private $stopOnIncomplete = FALSE; private $stopOnSkipped = FALSE; private $lastTestFailed = FALSE; private $defaultTimeLimit = 0; private $stopOnDefect = FALSE; private $registerMockObjectsFromTestArgumentsRecursively = FALSE }) /Users/kevinpfeifer/Documents/CakePHP/xdebug_test/vendor/phpunit/phpunit/src/Framework/TestSuite.php:672
    0.0157    3612456   8. PHPUnit\Framework\TestResult->run($test = class Tests\XdebugTest { protected $backupGlobals = NULL; protected $backupGlobalsExcludeList = []; protected $backupGlobalsBlacklist = []; protected $backupStaticAttributes = NULL; protected $backupStaticAttributesExcludeList = []; protected $backupStaticAttributesBlacklist = []; protected $runTestInSeparateProcess = FALSE; protected $preserveGlobalState = TRUE; protected $providedTests = [0 => class PHPUnit\Framework\ExecutionOrderDependency { ... }]; private ${PHPUnit\Framework\TestCase}runClassInSeparateProcess = NULL; private ${PHPUnit\Framework\TestCase}inIsolation = FALSE; private ${PHPUnit\Framework\TestCase}data = []; private ${PHPUnit\Framework\TestCase}dataName = ''; private ${PHPUnit\Framework\TestCase}expectedException = NULL; private ${PHPUnit\Framework\TestCase}expectedExceptionMessage = NULL; private ${PHPUnit\Framework\TestCase}expectedExceptionMessageRegExp = NULL; private ${PHPUnit\Framework\TestCase}expectedExceptionCode = NULL; private ${PHPUnit\Framework\TestCase}name = 'testXdebugThrowExceptionInDebugInfoViaVariableReference'; private ${PHPUnit\Framework\TestCase}dependencies = []; private ${PHPUnit\Framework\TestCase}dependencyInput = []; private ${PHPUnit\Framework\TestCase}iniSettings = []; private ${PHPUnit\Framework\TestCase}locale = []; private ${PHPUnit\Framework\TestCase}mockObjects = []; private ${PHPUnit\Framework\TestCase}mockObjectGenerator = NULL; private ${PHPUnit\Framework\TestCase}status = -1; private ${PHPUnit\Framework\TestCase}statusMessage = ''; private ${PHPUnit\Framework\TestCase}numAssertions = 0; private ${PHPUnit\Framework\TestCase}result = class PHPUnit\Framework\TestResult { private $passed = [...]; private $passedTestClasses = [...]; private $currentTestSuiteFailed = FALSE; private $errors = [...]; private $failures = [...]; private $warnings = [...]; private $notImplemented = [...]; private $risky = [...]; private $skipped = [...]; private $listeners = [...]; private $runTests = 2; private $time = 0.001198125; private $codeCoverage = NULL; private $convertDeprecationsToExceptions = FALSE; private $convertErrorsToExceptions = TRUE; private $convertNoticesToExceptions = TRUE; private $convertWarningsToExceptions = TRUE; private $stop = FALSE; private $stopOnError = FALSE; private $stopOnFailure = FALSE; private $stopOnWarning = FALSE; private $beStrictAboutTestsThatDoNotTestAnything = TRUE; private $beStrictAboutOutputDuringTests = FALSE; private $beStrictAboutTodoAnnotatedTests = FALSE; private $beStrictAboutResourceUsageDuringSmallTests = FALSE; private $enforceTimeLimit = FALSE; private $forceCoversAnnotation = FALSE; private $timeoutForSmallTests = 1; private $timeoutForMediumTests = 10; private $timeoutForLargeTests = 60; private $stopOnRisky = FALSE; private $stopOnIncomplete = FALSE; private $stopOnSkipped = FALSE; private $lastTestFailed = FALSE; private $defaultTimeLimit = 0; private $stopOnDefect = FALSE; private $registerMockObjectsFromTestArgumentsRecursively = FALSE }; private ${PHPUnit\Framework\TestCase}testResult = NULL; private ${PHPUnit\Framework\TestCase}output = ''; private ${PHPUnit\Framework\TestCase}outputExpectedRegex = NULL; private ${PHPUnit\Framework\TestCase}outputExpectedString = NULL; private ${PHPUnit\Framework\TestCase}outputCallback = FALSE; private ${PHPUnit\Framework\TestCase}outputBufferingActive = TRUE; private ${PHPUnit\Framework\TestCase}outputBufferingLevel = 1; private ${PHPUnit\Framework\TestCase}outputRetrievedForAssertion = FALSE; private ${PHPUnit\Framework\TestCase}snapshot = NULL; private ${PHPUnit\Framework\TestCase}prophet = NULL; private ${PHPUnit\Framework\TestCase}beStrictAboutChangesToGlobalState = NULL; private ${PHPUnit\Framework\TestCase}registerMockObjectsFromTestArgumentsRecursively = FALSE; private ${PHPUnit\Framework\TestCase}warnings = []; private ${PHPUnit\Framework\TestCase}groups = [0 => 'default']; private ${PHPUnit\Framework\TestCase}doesNotPerformAssertions = FALSE; private ${PHPUnit\Framework\TestCase}customComparators = []; private ${PHPUnit\Framework\TestCase}doubledTypes = [] }) /Users/kevinpfeifer/Documents/CakePHP/xdebug_test/vendor/phpunit/phpunit/src/Framework/TestCase.php:903
    0.0157    3613072   9. PHPUnit\Framework\TestCase->runBare() /Users/kevinpfeifer/Documents/CakePHP/xdebug_test/vendor/phpunit/phpunit/src/Framework/TestResult.php:726
    0.0157    3630512  10. PHPUnit\Framework\TestCase->runTest() /Users/kevinpfeifer/Documents/CakePHP/xdebug_test/vendor/phpunit/phpunit/src/Framework/TestCase.php:1151
    0.0157    3630512  11. Tests\XdebugTest->testXdebugThrowExceptionInDebugInfoViaVariableReference() /Users/kevinpfeifer/Documents/CakePHP/xdebug_test/vendor/phpunit/phpunit/src/Framework/TestCase.php:1545
    0.0158    3631840  12. App\Debugger::debug($toDebug = class App\ThrowsDebugInfo {  }) /Users/kevinpfeifer/Documents/CakePHP/xdebug_test/tests/XdebugTest.php:26
    0.0158    3631840  13. App\ThrowsDebugInfo->__debugInfo() /Users/kevinpfeifer/Documents/CakePHP/xdebug_test/src/Debugger.php:12